[     855ms] [LOG] Running application "main" with appParams:
 {rootTag: #root, hydrate: undefined} 
Development-level warnings: ON.
Performance optimizations: OFF. @ http://localhost:8081/node_modules/expo-router/entry.bundle?platform=web&dev=true&hot=false&lazy=true&transform.routerRoot=app&transform.reactCompiler=true:68250
[    1031ms] [WARNING] "shadow*" style props are deprecated. Use "boxShadow". @ http://localhost:8081/node_modules/expo-router/entry.bundle?platform=web&dev=true&hot=false&lazy=true&transform.routerRoot=app&transform.reactCompiler=true:68250
[    1033ms] [WARNING] "textShadow*" style props are deprecated. Use "textShadow". @ http://localhost:8081/node_modules/expo-router/entry.bundle?platform=web&dev=true&hot=false&lazy=true&transform.routerRoot=app&transform.reactCompiler=true:68250
[    1063ms] [WARNING] props.pointerEvents is deprecated. Use style.pointerEvents @ http://localhost:8081/node_modules/expo-router/entry.bundle?platform=web&dev=true&hot=false&lazy=true&transform.routerRoot=app&transform.reactCompiler=true:68250
[  100828ms] [LOG] Running application "main" with appParams:
 {rootTag: #root, hydrate: undefined} 
Development-level warnings: ON.
Performance optimizations: OFF. @ http://localhost:8081/node_modules/expo-router/entry.bundle?platform=web&dev=true&hot=false&lazy=true&transform.routerRoot=app&transform.reactCompiler=true:68250
[  100945ms] [WARNING] "shadow*" style props are deprecated. Use "boxShadow". @ http://localhost:8081/node_modules/expo-router/entry.bundle?platform=web&dev=true&hot=false&lazy=true&transform.routerRoot=app&transform.reactCompiler=true:68250
[  100947ms] [WARNING] "textShadow*" style props are deprecated. Use "textShadow". @ http://localhost:8081/node_modules/expo-router/entry.bundle?platform=web&dev=true&hot=false&lazy=true&transform.routerRoot=app&transform.reactCompiler=true:68250
[  100986ms] [WARNING] props.pointerEvents is deprecated. Use style.pointerEvents @ http://localhost:8081/node_modules/expo-router/entry.bundle?platform=web&dev=true&hot=false&lazy=true&transform.routerRoot=app&transform.reactCompiler=true:68250
[  747890ms] [ERROR] WebSocket connection to 'ws://localhost:8081/message' failed: The network connection was lost. @ :0
[  747956ms] [ERROR] WebSocket connection to 'ws://localhost:8081/hot' failed: The network connection was lost. @ :0
[  748475ms] [WARNING] Cannot connect to Expo CLI.

Try the following to fix the issue:
- Ensure the Expo dev server is running and available on the same network as this device

URL: localhost:8081

Error: undefined @ http://localhost:8081/node_modules/expo-router/entry.bundle?platform=web&dev=true&hot=false&lazy=true&transform.routerRoot=app&transform.reactCompiler=true:68250
